// Jest Snapshot v1, https://goo.gl/fbAQLP

exports[`Trip --- test render correctly component render correctly component Trip 1`] = `
<ContextProvider
  value={null}
>
  <Trip
    message=""
    store={
      Object {
        "clearActions": [Function],
        "dispatch": [Function],
        "getActions": [Function],
        "getState": [Function],
        "replaceReducer": [Function],
        "subscribe": [Function],
      }
    }
    success={true}
    tripCreateWatcher={[Function]}
    tripNull={[Function]}
  />
</ContextProvider>
`;
